directive @external on FIELD_DEFINITION

directive @requires(fields: _FieldSet!) on FIELD_DEFINITION

directive @provides(fields: _FieldSet!) on FIELD_DEFINITION

directive @key(fields: _FieldSet!) on OBJECT | INTERFACE

directive @extends on OBJECT | INTERFACE

directive @customdir on FIELD_DEFINITION

scalar _Any

scalar _FieldSet

type _Service {
  sdl: String
}

type Query {
  me: User
  _entities(representations: [_Any!]!): [_Entity]!
  _service: _Service!
}

type Product {
  sku: String
}

type User {
  id: ID!
  name: String
  username: String
}

union _Entity = Product | User